2025-02-26 18:10:00 | DEBUG | repo=pv243-2015-web-seminar | action=commit
2025-06-23 16:30:00 | INFO | repo=pv243-2015-web-seminar | action=commit
2025-10-26 17:58:00 | WARN | repo=pv243-2015-web-seminar | action=commit
2025-07-03 14:30:00 | WARN | repo=pv243-2015-web-seminar | action=commit
2025-01-19 13:27:00 | INFO | repo=pv243-2015-web-seminar | action=pull
2025-11-14 21:47:00 | INFO | repo=pv243-2015-web-seminar | action=test | passed=true
2025-01-04 19:32:00 | DEBUG | repo=pv243-2015-web-seminar | action=commit
2025-11-03 09:56:00 | DEBUG | repo=pv243-2015-web-seminar | action=pull
2025-12-19 16:57:00 | DEBUG | repo=pv243-2015-web-seminar | action=commit
2025-07-13 10:51:00 | INFO | repo=pv243-2015-web-seminar | action=commit
2025-12-05 12:20:00 | WARN | repo=pv243-2015-web-seminar | action=commit
2025-08-26 08:54:00 | INFO | repo=pv243-2015-web-seminar | action=test | passed=true
2025-05-21 19:40:00 | WARN | repo=pv243-2015-web-seminar | action=commit
2025-07-02 15:01:00 | DEBUG | repo=pv243-2015-web-seminar | action=commit
2025-07-07 18:20:00 | WARN | repo=pv243-2015-web-seminar | action=commit
2025-11-01 07:01:00 | DEBUG | repo=pv243-2015-web-seminar | action=commit
2025-05-19 07:07:00 | DEBUG | repo=pv243-2015-web-seminar | action=commit
2025-11-28 14:34:00 | DEBUG | repo=pv243-2015-web-seminar | action=test | passed=true
2025-10-11 20:38:00 | DEBUG | repo=pv243-2015-web-seminar | action=commit
2025-08-15 14:26:00 | DEBUG | repo=pv243-2015-web-seminar | action=commit
2025-04-14 19:48:00 | WARN | repo=pv243-2015-web-seminar | action=commit
2025-03-22 18:57:00 | WARN | repo=pv243-2015-web-seminar | action=edit | files=5
2025-02-16 08:19:00 | INFO | repo=pv243-2015-web-seminar | action=commit
2025-07-07 18:43:00 | DEBUG | repo=pv243-2015-web-seminar | action=commit
2025-03-27 08:09:00 | WARN | repo=pv243-2015-web-seminar | action=commit
2025-01-14 11:14:00 | DEBUG | repo=pv243-2015-web-seminar | action=commit
2025-05-13 20:42:00 | INFO | repo=pv243-2015-web-seminar | action=commit
2025-03-02 18:26:00 | INFO | repo=pv243-2015-web-seminar | action=test | passed=true
2025-08-21 20:08:00 | INFO | repo=pv243-2015-web-seminar | action=commit
2025-09-23 07:07:00 | DEBUG | repo=pv243-2015-web-seminar | action=commit
2025-01-01 07:15:00 | DEBUG | repo=pv243-2015-web-seminar | action=commit
2025-10-04 12:38:00 | INFO | repo=pv243-2015-web-seminar | action=pull
2025-06-17 20:35:00 | WARN | repo=pv243-2015-web-seminar | action=commit
2025-08-20 20:52:00 | DEBUG | repo=pv243-2015-web-seminar | action=pull
2025-01-14 18:41:00 | DEBUG | repo=pv243-2015-web-seminar | action=pull
2025-01-07 18:17:00 | DEBUG | repo=pv243-2015-web-seminar | action=commit
2025-10-02 17:51:00 | WARN | repo=pv243-2015-web-seminar | action=commit
2025-10-12 07:33:00 | DEBUG | repo=pv243-2015-web-seminar | action=commit
2025-04-03 15:39:00 | INFO | repo=pv243-2015-web-seminar | action=commit
2025-08-22 08:36:00 | DEBUG | repo=pv243-2015-web-seminar | action=test | passed=true
2025-02-08 09:39:00 | INFO | repo=pv243-2015-web-seminar | action=commit
2025-01-15 19:53:00 | DEBUG | repo=pv243-2015-web-seminar | action=commit
2025-03-12 18:14:00 | DEBUG | repo=pv243-2015-web-seminar | action=commit
2025-11-02 08:19:00 | WARN | repo=pv243-2015-web-seminar | action=commit
2025-05-07 15:52:00 | DEBUG | repo=pv243-2015-web-seminar | action=commit
2025-05-08 16:11:00 | DEBUG | repo=pv243-2015-web-seminar | action=commit
2025-09-15 09:13:00 | DEBUG | repo=pv243-2015-web-seminar | action=commit
2025-12-07 09:49:00 | INFO | repo=pv243-2015-web-seminar | action=commit
2025-06-04 08:06:00 | WARN | repo=pv243-2015-web-seminar | action=commit
2025-12-09 17:19:00 | INFO | repo=pv243-2015-web-seminar | action=commit
2025-10-13 12:20:00 | WARN | repo=pv243-2015-web-seminar | action=commit
2025-05-22 07:58:00 | INFO | repo=pv243-2015-web-seminar | action=commit
2025-05-17 15:02:00 | INFO | repo=pv243-2015-web-seminar | action=commit
2025-03-20 21:57:00 | DEBUG | repo=pv243-2015-web-seminar | action=test | passed=true
2025-09-12 20:07:00 | WARN | repo=pv243-2015-web-seminar | action=pull
2025-04-20 09:53:00 | INFO | repo=pv243-2015-web-seminar | action=commit
2025-04-24 08:17:00 | INFO | repo=pv243-2015-web-seminar | action=commit
2025-06-06 21:34:00 | DEBUG | repo=pv243-2015-web-seminar | action=commit
2025-11-14 13:28:00 | DEBUG | repo=pv243-2015-web-seminar | action=commit
2025-12-20 15:30:00 | DEBUG | repo=pv243-2015-web-seminar | action=test | passed=true
2025-12-25 14:02:00 | DEBUG | repo=pv243-2015-web-seminar | action=commit
2025-01-14 18:50:00 | WARN | repo=pv243-2015-web-seminar | action=commit
2025-02-18 07:01:00 | DEBUG | repo=pv243-2015-web-seminar | action=commit
2025-03-02 10:45:00 | INFO | repo=pv243-2015-web-seminar | action=commit
2025-02-11 19:22:00 | WARN | repo=pv243-2015-web-seminar | action=test | passed=true
2025-05-12 21:05:00 | DEBUG | repo=pv243-2015-web-seminar | action=commit
2025-06-10 19:54:00 | INFO | repo=pv243-2015-web-seminar | action=commit
2025-10-13 13:10:00 | WARN | repo=pv243-2015-web-seminar | action=commit
2025-10-25 20:44:00 | DEBUG | repo=pv243-2015-web-seminar | action=commit
2025-05-14 07:01:00 | WARN | repo=pv243-2015-web-seminar | action=commit
2025-02-04 19:29:00 | DEBUG | repo=pv243-2015-web-seminar | action=commit
